../Core/Src/main.c:161:6:PWM_DMA_Init	16	static
../Core/Src/main.c:174:19:PWM_DMA_AddValue	24	static
../Core/Src/main.c:198:6:PWM_DMA_Start	8	static
../Core/Src/main.c:211:6:PWM_DMA_Stop	8	static
../Core/Src/main.c:221:6:HAL_TIM_PWM_PulseFinishedCallback	16	static
../Core/Src/main.c:240:6:CircularBuffer_Init	16	static
../Core/Src/main.c:247:6:CircularBuffer_Put	24	static
../Core/Src/main.c:262:6:CircularBuffer_Get	16	static
../Core/Src/main.c:274:9:CircularBuffer_IsEmpty	16	static
../Core/Src/main.c:279:10:CircularBuffer_Size	16	static
../Core/Src/main.c:283:6:CircularBuffer_Peek	32	static
../Core/Src/main.c:292:6:escapeByte	24	static
../Core/Src/main.c:325:9:computeCRC8	24	static
../Core/Src/main.c:345:9:USART_kbhit	4	static
../Core/Src/main.c:354:10:USART_getchar	16	static
../Core/Src/main.c:365:10:USART_getline	24	static
../Core/Src/main.c:391:7:USART_fsend	2032	static,ignoring_inline_asm
../Core/Src/main.c:423:7:HAL_UART_TxCpltCallback	24	static
../Core/Src/main.c:433:7:HAL_UART_RxCpltCallback	16	static
../Core/Src/main.c:459:6:addToResponse	16	static
../Core/Src/main.c:466:9:allResponsesAreError	16	static
../Core/Src/main.c:484:15:SET1or2	136	static
../Core/Src/main.c:527:15:ADDDMA	120	static
../Core/Src/main.c:558:15:SAUTO	72	static
../Core/Src/main.c:577:15:UA	32	static
../Core/Src/main.c:592:15:UAxxx	48	static
../Core/Src/main.c:615:15:BUF	72	static
../Core/Src/main.c:637:15:BUFALL	64	static
../Core/Src/main.c:657:15:BUFN	208	static
../Core/Src/main.c:707:6:processCommand	24	static
../Core/Src/main.c:730:6:processMultipleCommands	24	static
../Core/Src/main.c:752:6:HDLC_ParseFrame	96	dynamic
../Core/Src/main.c:809:9:HDLC_ProcessInput	16	static
../Core/Src/main.c:887:7:HDLC_SendFrame	3568	dynamic
../Core/Src/main.c:931:7:HAL_TIM_IC_CaptureCallback	16	static
../Core/Src/main.c:959:9:GetUltrasonicDistance	16	static
../Core/Src/main.c:988:7:SetUltrasonicInterval	24	static
../Core/Src/main.c:1002:7:TriggerUltrasonic	8	static
../Core/Src/main.c:1011:7:HAL_TIM_PeriodElapsedCallback	16	static
../Core/Src/main.c:1029:5:main	8	static
../Core/Src/main.c:1101:6:SystemClock_Config	88	static
../Core/Src/main.c:1156:13:MX_TIM1_Init	96	static
../Core/Src/main.c:1235:13:MX_TIM3_Init	32	static
../Core/Src/main.c:1283:13:MX_TIM6_Init	16	static
../Core/Src/main.c:1321:13:MX_TIM7_Init	16	static
../Core/Src/main.c:1359:13:MX_USART2_UART_Init	8	static
../Core/Src/main.c:1390:13:MX_DMA_Init	16	static
../Core/Src/main.c:1411:13:MX_GPIO_Init	48	static
../Core/Src/main.c:1451:6:Error_Handler	4	static,ignoring_inline_asm
