../Core/Src/main.c:161:6:PWM_DMA_Init	16	static
../Core/Src/main.c:174:19:PWM_DMA_AddValue	24	static
../Core/Src/main.c:192:6:PWM_DMA_Start	8	static
../Core/Src/main.c:207:6:PWM_DMA_Stop	8	static
../Core/Src/main.c:217:6:HAL_TIM_PWM_PulseFinishedCallback	16	static
../Core/Src/main.c:236:6:CircularBuffer_Init	16	static
../Core/Src/main.c:243:6:CircularBuffer_Put	24	static
../Core/Src/main.c:258:6:CircularBuffer_Get	16	static
../Core/Src/main.c:270:9:CircularBuffer_IsEmpty	16	static
../Core/Src/main.c:275:10:CircularBuffer_Size	16	static
../Core/Src/main.c:279:6:CircularBuffer_Peek	32	static
../Core/Src/main.c:288:6:escapeByte	24	static
../Core/Src/main.c:321:9:computeCRC8	24	static
../Core/Src/main.c:341:9:USART_kbhit	4	static
../Core/Src/main.c:350:10:USART_getchar	16	static
../Core/Src/main.c:361:10:USART_getline	24	static
../Core/Src/main.c:387:7:USART_fsend	2032	static,ignoring_inline_asm
../Core/Src/main.c:419:7:HAL_UART_TxCpltCallback	24	static
../Core/Src/main.c:429:7:HAL_UART_RxCpltCallback	16	static
../Core/Src/main.c:453:6:addToResponse	16	static
../Core/Src/main.c:462:10:SET1or2	144	static
../Core/Src/main.c:459:6:processCommand	32	static
../Core/Src/main.c:507:10:ADDDMA	128	static
../Core/Src/main.c:538:10:SAUTO	80	static
../Core/Src/main.c:558:10:UA	40	static
../Core/Src/main.c:577:10:UAxxx	56	static
../Core/Src/main.c:600:10:BUF	80	static
../Core/Src/main.c:622:10:BUFALL	72	static
../Core/Src/main.c:642:10:BUFN	216	static
../Core/Src/main.c:716:6:processMultipleCommands	24	static
../Core/Src/main.c:738:6:HDLC_ParseFrame	72	dynamic
../Core/Src/main.c:788:9:HDLC_ProcessInput	16	static
../Core/Src/main.c:879:7:HDLC_SendFrame	3568	dynamic
../Core/Src/main.c:923:7:HAL_TIM_IC_CaptureCallback	16	static
../Core/Src/main.c:949:9:GetUltrasonicDistance	24	static
../Core/Src/main.c:980:7:SetUltrasonicInterval	24	static
../Core/Src/main.c:994:7:TriggerUltrasonic	8	static
../Core/Src/main.c:1003:7:HAL_TIM_PeriodElapsedCallback	16	static
../Core/Src/main.c:1021:5:main	16	static
../Core/Src/main.c:1099:6:SystemClock_Config	88	static
../Core/Src/main.c:1154:13:MX_TIM1_Init	96	static
../Core/Src/main.c:1233:13:MX_TIM3_Init	32	static
../Core/Src/main.c:1281:13:MX_TIM6_Init	16	static
../Core/Src/main.c:1319:13:MX_TIM7_Init	16	static
../Core/Src/main.c:1357:13:MX_USART2_UART_Init	8	static
../Core/Src/main.c:1388:13:MX_DMA_Init	16	static
../Core/Src/main.c:1409:13:MX_GPIO_Init	48	static
../Core/Src/main.c:1449:6:Error_Handler	4	static,ignoring_inline_asm
